<!DOCTYPE html>
<html lang="en">
<head>
<meta charset="utf-8">
<meta http-equiv="X-UA-Compatible" content="IE=edge">
<meta name="viewport" content="width=device-width, initial-scale=1">
<meta name="description" content="">
<meta name="author" content="">
<link rel="shortcut icon" href="images/favicon.ico" type="image/x-icon">
<title>Home | Contact us</title>
<link rel="stylesheet" type="text/css" href="css/bootstrap.css" />
<link rel="stylesheet" href="https://use.fontawesome.com/releases/v5.2.0/css/all.css" integrity="sha384-hWVjflwFxL6sNzntih27bfxkr27PmbbK/iSvJ+a4+0owXq79v+lsFkW54bOGbiDQ" crossorigin="anonymous">
<link rel="stylesheet" type="text/css" href="FontAwesome 4.1.0/css/font-awesome.css"/>
<link rel="stylesheet" type="text/css" href="css/style.css" />
<link rel="stylesheet" type="text/css" href="css/responsive.css" />
<link href="css/owl.carousel.css" rel="stylesheet">
<link href="css/jquery.bxslider.css" rel="stylesheet">

<!-- HTML5 shim and Respond.js for IE8 support of HTML5 elements and media queries -->
<!-- WARNING: Respond.js doesn't work if you view the page via file:// -->
<!--[if lt IE 9]>
      <script src="https://oss.maxcdn.com/html5shiv/3.7.2/html5shiv.min.js"></script>
      <script src="https://oss.maxcdn.com/respond/1.4.2/respond.min.js"></script>
    <![endif]-->

<!--logo slider Starts -->

<!--logo slider ends -->
<link href="https://fonts.googleapis.com/css?family=Open+Sans:300,300i,400,400i,600,600i,700,700i,800,800i" rel="stylesheet">
<link href="https://fonts.googleapis.com/css?family=Montserrat:300,400,500,600,700,800" rel="stylesheet">
<link href="https://fonts.googleapis.com/css?family=Roboto:300,400,500,700" rel="stylesheet">
</head>

<body>
<header class="header"><!--//.header starts-->
  <div class="top-bar">
    <div class="container">
      <ul class="social-icons">
        <li><a href="#"><i class="fa fa-facebook" aria-hidden="true"></i> </a></li>
        <li><a href="#"><i class="fa fa-twitter" aria-hidden="true"></i> </a></li>
        <li><a href="#"><i class="fa fa-linkedin" aria-hidden="true"> </i></a></li>
        <li><a href="#"><i class="fa fa-google-plus" aria-hidden="true"></i> </a></li>
      </ul>
    </div>
  </div>
  <div id="pav-mainnav">
    <div class="navigation-bar">
      <div class="container">
        <div class="row">
          <div class="col-sm-4">
            <figure class="logo_holder"> <a href="index.html"><img src="images/main-logo.png"></a> </figure>
          </div>
          <div class="col-sm-8 nav_col">
            <div class="navbar" role="navigation"> 
              <!--navbar-->
              <div class="navbar-header navbar-inverse">
                <h4>Menu</h4>
                <button type="button" class="navbar-toggle" data-toggle="collapse" data-target=".navbar-collapse"> <span class="sr-only">Toggle navigation</span> <span class="icon-bar"></span> <span class="icon-bar"></span> <span class="icon-bar"></span> </button>
              </div>
              <div class="collapse navbar-collapse"><!--nav-collapse-->
                
                <ul class="nav navbar-nav">
                  <li><a href="index.html">Home </a></li>
                  <li><a href="about_us.html" > About Us </a></li>
                  <li><a href="our_services.html"> Our Services </a> </li>
                  <li><a href="our_clients.html"> Our Clients </a></li>
                  <li><a href="gallery.html"> Gallery</a></li>
                  <li class="active"><a href="contact_us.html" > Contact Us</a></li>
                </ul>
              </div>
            </div>
          </div>
          <!-- /.nav-collapse --> 
        </div>
      </div>
    </div>
  </div>
</header>
<!--//.header ends--> 

<!--.//.MAIN SLIDER STARTS-->
<section class="banner">
  <figure class="about-banner"> <img src="images/contact-banner.jpg"  alt="" title=""> </figure>
  <div class="breadCrumbNav">
    <div class="container">
      <h2 class="page_title">Contact us</h2>
    </div>
  </div>
</section>
<!--.//.MAIN SLIDER ENDS--> 

<!-- //CONTACT CONTENT STARTS-->
<section class="content-holder contact_content page_holder">
  <div class="container">
  <div class="row">
    <div class="col-sm-offset-3 col-sm-6">
      <div class="txt_wrapper">
        <h1>KEEP IN TOUCH</h1>
        <p>Professional cleaning & renovation services in kathmandu, 
          For more information in our service please contact us by phone or email.</p>
      </div>
    </div>
    </div>
    
    <!--<div class="row">
      <div class="col-sm-4 col-xs-12">
        <address>
        <figure class="icon"> <i class="fa fa-map-marker" aria-hidden="true"></i> </figure>
        <div class="details"> <span>Lalitpur,Kupondole,</span> <span> Kathmandu </span> </div>
        </address>
      </div>
      <div class="col-sm-4 col-xs-12">
        <address>
        <figure class="icon"> <i class="fa fa-phone" aria-hidden="true"></i> </figure>
        <div class="details"> <span> <a href="tel:+015555039" class="linkto">+015555039 </a> </span> </div>
        </address>
      </div>
      <div class="col-sm-4 col-xs-12">
        <address>
        <figure class="icon"> <i class="fa fa-envelope" aria-hidden="true"></i> </figure>
        <div class="details"> <span> <a href="mailto:info@goldentriangle.com.np" class="linkto">info@goldentriangle.com.np</a> </span> </div>
        </address>
      </div>
    </div>-->
    <div class="map">
      <div class="gmap_canvas">
        <iframe src="https://www.google.com/maps/embed?pb=!1m18!1m12!1m3!1d3531.9042008141796!2d85.31781121511978!3d27.72024398278663!2m3!1f0!2f0!3f0!3m2!1i1024!2i768!4f13.1!3m3!1m2!1s0x39eb191b9f0ca651%3A0x720f23d97bcbcd91!2sTAG+nepal+Treks+%26+Expedition+Pvt+Ltd!5e0!3m2!1sen!2sus!4v1544172177689" width="600" height="450" frameborder="0" style="border:0" allowfullscreen></iframe>
      </div>
    </div>
    <div class="row">
      <form role="form" class="contact_form">
        <div class="col-sm-12">
          <h1> Get In Touch</h1>
          <p>We have helped thousands of clients reach their full potential, let use help you! </p>
        </div>
        <div class="col-sm-6">
          <div class="form-group ">
            <input id="name" class="form-control" type="text" placeholder="Your Name:" title="Type your full name">
          </div>
          <div class="form-group">
            <input id="email" class="form-control" type="email" placeholder="E-Mail:" title="Type your email">
          </div>
          <div class="form-group ">
            <input id="phone" class="form-control" type="text" placeholder="Phone:" title="Type your pnone no">
          </div>
          <div class="form-group ">
            <input id="subject" class="form-control" type="text" placeholder="Subject:" title="Type your Subject">
          </div>
        </div>
        <div class="col-sm-6">
          <div class="form-group ">
            <textarea id="message" class="form-control" rows="6" placeholder="Your Message..."></textarea>
          </div>
          <div class="form-group ">
            <input class="btn-submit" type="submit" value="Submit" data-loading-text="Loading...">
          </div>
        </div>
      </form>
    </div>
  </div>
</section>
<!-- //CONTACT CONTENT ENDS-->

<section class="content-holder footer">
  <div class="container">
    <div class="row inner_content">
      <div class="col-sm-3 col-xs-12">
        <h4 class="title">Info</h4>
        <ul class="page_links sameheight3">
          <li><a href="index.html">Home </a></li>
          <li><a href="about_us.html">About Us </a></li>
          <li><a href="our_services.html">Our Services </a></li>
          <li><a href="our_clients.html">Our Clients </a></li>
          <li><a href="news.html">News & Updates </a></li>
          <li><a href="gallery.html">GAllery </a></li>
          <li><a href="contact_us.html">Contact US </a></li>
        </ul>
      </div>
      <div class="col-md-offset-1 col-md-3 col-sm-offset-1 col-sm-4 col-xs-12">
        <h4 class="title">Contact Us</h4>
        <div class="contact_wrapper sameheight3">
          <address>
          <figure class="icon"> <i class="fa fa-map-marker" aria-hidden="true"></i> </figure>
          <div class="details"> <span> Lalitpur,Kupondole<br>
            Kathmandu </span> </div>
          </address>
          <address>
          <figure class="icon"> <i class="fa fa-phone" aria-hidden="true"></i> </figure>
          <div class="details"> <span> <a href="tel:015555039" class="linkto">015555039 </a> </span> </div>
          </address>
          <address>
          <figure class="icon"> <i class="fa fa-envelope" aria-hidden="true"></i> </figure>
          <div class="details"> <span> <a href="mailto:info@goldentriangle.com.np" class="linkto">info@goldentriangle.com.np</a> </span> </div>
          </address>
        </div>
      </div>
      <div class="col-md-offset-1 col-md-3 col-sm-4 col-xs-12">
        <h4 class="title">Get Social</h4>
        <ul class="social-icons sameheight3">
          <li><a href="#" data-toggle="tooltip" data-placement="top" title="" data-original-title="Facebook"><i class="fa fa-facebook" aria-hidden="true"></i> </a></li>
          <li><a href="#" data-toggle="tooltip" data-placement="top" title="" data-original-title="Twitter"><i class="fa fa-twitter" aria-hidden="true"></i> </a></li>
          <li><a href="#" data-toggle="tooltip" data-placement="top" title="" data-original-title="Linkedin"><i class="fa fa-linkedin" aria-hidden="true"> </i></a></li>
          <li><a href="#" data-toggle="tooltip" data-placement="top" title="" data-original-title="Google-plus"><i class="fa fa-google-plus" aria-hidden="true"></i> </a></li>
        </ul>
      </div>
    </div>
    <div class="copyright">
      <p>© Copyright © 2018. Golden Triangle. All Right Reserved.</p>
    </div>
  </div>
</section>
<section class="back-top">
  <div id="back-top" class="uparrow" style="display: block;"> <a href="#top" title="Go to the top of the page"> <i class="fa fa-angle-up"></i> </a> </div>
</section>
</body>
<script src="js/jquery-1.9.1.min.js"></script>
<!--./testimonial slider starts-->

<!--./testimonial slider ends-->
<script src="js/fixed-nav.js"></script>
<script src="js/jquery.js"></script>
<script src="js/bootstrap.js"></script>
<script src="js/Push-up.js"></script>

<!--..//SAME HEIGHT JQUERY STARTS-->
<script type="text/javascript" src="js/sameheight.js">
</script>

<!--..//SOCIAL ICON HOVER TOOLTIP STARTS-->
<script>
$(document).ready(function(){
    $('[data-toggle="tooltip"]').tooltip();   
});
</script>
</html>
