<!DOCTYPE html>
<html lang="en">
<head>
<meta charset="utf-8">
<meta http-equiv="X-UA-Compatible" content="IE=edge">
<meta name="viewport" content="width=device-width, initial-scale=1">
<meta name="description" content="">
<meta name="author" content="">
<link rel="shortcut icon" href="images/favicon.ico" type="image/x-icon">
<title>Home | Our Gallery</title>
<link rel="stylesheet" type="text/css" href="css/bootstrap.css" />
<link rel="stylesheet" href="https://use.fontawesome.com/releases/v5.2.0/css/all.css" integrity="sha384-hWVjflwFxL6sNzntih27bfxkr27PmbbK/iSvJ+a4+0owXq79v+lsFkW54bOGbiDQ" crossorigin="anonymous">
<link rel="stylesheet" type="text/css" href="FontAwesome 4.1.0/css/font-awesome.css"/>
<!--lightbox-->
	<link rel="stylesheet" type="text/css" href="lightbox/css/lightbox.css">
 
<!--lightbox -->
<link rel="stylesheet" type="text/css" href="css/style.css" />
<link rel="stylesheet" type="text/css" href="css/responsive.css" />
<link href="css/owl.carousel.css" rel="stylesheet">
<link href="css/jquery.bxslider.css" rel="stylesheet">

<!-- HTML5 shim and Respond.js for IE8 support of HTML5 elements and media queries -->
<!-- WARNING: Respond.js doesn't work if you view the page via file:// -->
<!--[if lt IE 9]>
      <script src="https://oss.maxcdn.com/html5shiv/3.7.2/html5shiv.min.js"></script>
      <script src="https://oss.maxcdn.com/respond/1.4.2/respond.min.js"></script>
    <![endif]-->

<!--logo slider Starts -->

<!--logo slider ends -->
<link href="https://fonts.googleapis.com/css?family=Open+Sans:300,300i,400,400i,600,600i,700,700i,800,800i" rel="stylesheet">
<link href="https://fonts.googleapis.com/css?family=Montserrat:300,400,500,600,700,800" rel="stylesheet">
<link href="https://fonts.googleapis.com/css?family=Roboto:300,400,500,700" rel="stylesheet">
</head>

<body>
 
  <header class="header"><!--//.header starts-->
    <div class="top-bar">
      <div class="container">
        <ul class="social-icons">
          <li><a href="#"><i class="fa fa-facebook" aria-hidden="true"></i> </a></li>
          <li><a href="#"><i class="fa fa-twitter" aria-hidden="true"></i> </a></li>
          <li><a href="#"><i class="fa fa-linkedin" aria-hidden="true"> </i></a></li>
          <li><a href="#"><i class="fa fa-google-plus" aria-hidden="true"></i> </a></li>
        </ul>
      </div>
    </div>
    <div id="pav-mainnav">
      <div class="navigation-bar">
        <div class="container">
          <div class="row">
            <div class="col-sm-4">
              <figure class="logo_holder"> <a href="index.html"><img src="images/main-logo.png"></a> </figure>
            </div>
            <div class="col-sm-8 nav_col">
              <div class="navbar" role="navigation"> 
                <!--navbar-->
                <div class="navbar-header navbar-inverse">
                  <h4>Menu</h4>
                  <button type="button" class="navbar-toggle" data-toggle="collapse" data-target=".navbar-collapse"> <span class="sr-only">Toggle navigation</span> <span class="icon-bar"></span> <span class="icon-bar"></span> <span class="icon-bar"></span> </button>
                </div>
                <div class="collapse navbar-collapse"><!--nav-collapse-->
                  
                  <ul class="nav navbar-nav">
                    <li><a href="index.html">Home </a></li>
                    <li><a href="about_us.html" > About Us </a></li>
                    <li><a href="our_services.html"> Our Services </a> </li>
                    <li><a href="our_clients.html"> Our Clients </a></li>
                    <li class="active"><a href="gallery.html"> Gallery</a></li>
                    <li><a href="contact_us.html" > Contact Us</a></li>
                  </ul>
                </div>
              </div>
            </div>
            <!-- /.nav-collapse --> 
          </div>
        </div>
      </div>
    </div>
  </header>
  <!--//.header ends--> 
  
 

<!--.//.MAIN SLIDER STARTS-->
<section class="banner">

    <figure class="about-banner">
     <img src="images/gallery-banner.jpg"  alt="" title=""> 
     </figure>
<div class="breadCrumbNav">
<div class="container">
<h2 class="page_title">Our Gallery</h2>
</div>

</div>
 

</section>
<!--.//.MAIN SLIDER ENDS--> 


 

<!-- //GALLERY CONTENT STARTS-->

 <section class="content-holder gallery_content page_holder">
  <div class="container">
 
 
	<div class="image-set row">
            <div class="col-sm-4 col-xs-6"> 
        
					<a class="example-image-link" href="lightbox/img/image-1.jpg" data-lightbox="example-set" data-title="Click the right half of the image to move forward.">
                    
                        <figure>
                    <img class="example-image" src="lightbox/img/image-1.jpg" alt="" title="Click here to zoom" />
                    </figure>
                    </a>
 </div>                
 
         <div class="col-sm-4 col-xs-6">  
					<a class="example-image-link" href="lightbox/img/image-2.jpg" data-lightbox="example-set" data-title="Or press the right arrow on your keyboard.">
                    
                            <figure>
                    <img class="example-image" src="lightbox/img/image-2.jpg" alt="" title="Click here to zoom" />
                    </figure>
                    </a>
                    </div>
                    
                             <div class=" col-sm-4 col-xs-6"> 
					<a class="example-image-link" href="lightbox/img/image-3.jpg" data-lightbox="example-set" data-title="The next image in the set is preloaded as you're viewing.">
                          <figure>
                    <img class="example-image" src="lightbox/img/image-3.jpg" alt="" title="Click here to zoom" />
                    </figure>
                    </a>
                    </div>
         
 
            <div class="col-sm-4 col-xs-6"> 
					<a class="example-image-link" href="lightbox/img/image-4.jpg" data-lightbox="example-set" data-title="Click the right half of the image to move forward.">
                            <figure>
                    <img class="example-image" src="lightbox/img/image-4.jpg" alt="" title="Click here to zoom" />
                    </figure>
                    </a>
 </div>                
 
         <div class="col-sm-4 col-xs-6">  
					<a class="example-image-link" href="lightbox/img/image-5.jpg" data-lightbox="example-set" data-title="Or press the right arrow on your keyboard.">
                     <figure>
                    <img class="example-image" src="lightbox/img/image-5.jpg" alt="" title="Click here to zoom" />
                    </figure>
                    </a>
                    </div>
                    
                             <div class="col-sm-4 col-xs-6"> 
					<a class="example-image-link" href="lightbox/img/image-6.jpg" data-lightbox="example-set" data-title="The next image in the set is preloaded as you're viewing.">
                           <figure>
                    <img class="example-image" src="lightbox/img/image-6.jpg" alt="" title="Click here to zoom" />
                    </figure>
                    </a>
                    </div>
 
            <div class="col-sm-4 col-xs-6"> 
					<a class="example-image-link" href="lightbox/img/image-7.jpg" data-lightbox="example-set" data-title="Click the right half of the image to move forward.">
                          <figure>
                    <img class="example-image" src="lightbox/img/image-7.jpg" alt="" title="Click here to zoom" />
                    </figure>
                    </a>
 </div>                
 
         <div class="col-sm-4 col-xs-6">  
					<a class="example-image-link" href="lightbox/img/image-8.jpg" data-lightbox="example-set" data-title="Or press the right arrow on your keyboard.">
                           <figure>
                    <img class="example-image" src="lightbox/img/image-8.jpg" alt="" title="Click here to zoom" />
                    </figure>
                    
                    </a>
                    </div>
                    
                             <div class="col-sm-4 col-xs-6"> 
					<a class="example-image-link" href="lightbox/img/image-9.jpg" data-lightbox="example-set" data-title="The next image in the set is preloaded as you're viewing.">
                          <figure>
                    <img class="example-image" src="lightbox/img/image-9.jpg" alt="" title="Click here to zoom" />
                    </figure>
                    
                    </a>
                    </div>
                </div>
     
     
     
     
     
  </div>
</section>
<!-- //GALLERY CONTENT ENDS--> 

 

<section class="content-holder footer">
  <div class="container">
    <div class="row inner_content">
      <div class="col-sm-3 col-xs-12">
        <h4 class="title">Info</h4>
        <ul class="page_links sameheight3">
          <li><a href="index.html">Home </a></li>
          <li><a href="about_us.html">About Us </a></li>
          <li><a href="our_services.html">Our Services </a></li>
          <li><a href="our_clients.html">Our Clients </a></li>
          <li><a href="news.html">News & Updates </a></li>
          <li><a href="gallery.html">GAllery </a></li>
          <li><a href="contact_us.html">Contact US </a></li>
        </ul>
      </div>
      <div class="col-md-offset-1 col-md-3 col-sm-offset-1 col-sm-4 col-xs-12">
        <h4 class="title">Contact Us</h4>
        <div class="contact_wrapper sameheight3">
          <address>
          <figure class="icon"> <i class="fa fa-map-marker" aria-hidden="true"></i> </figure>
          <div class="details"> <span> Lalitpur,Kupondole<br>
           Kathmandu </span> </div>
          </address>
          <address>
          <figure class="icon"> <i class="fa fa-phone" aria-hidden="true"></i> </figure>
          <div class="details"> <span> <a href="tel:015555039" class="linkto">015555039 </a> </span> </div>
          </address>
          <address>
          <figure class="icon"> <i class="fa fa-envelope" aria-hidden="true"></i> </figure>
          <div class="details"> <span> <a href="mailto:info@goldentriangle.com.np" class="linkto">info@goldentriangle.com.np</a> </span> </div>
          </address>
        </div>
      </div>
      <div class="col-md-offset-1 col-md-3 col-sm-4 col-xs-12">
        <h4 class="title">Get Social</h4>
        <ul class="social-icons sameheight3">
          <li><a href="#" data-toggle="tooltip" data-placement="top" title="" data-original-title="Facebook"><i class="fa fa-facebook" aria-hidden="true"></i> </a></li>
          <li><a href="#" data-toggle="tooltip" data-placement="top" title="" data-original-title="Twitter"><i class="fa fa-twitter" aria-hidden="true"></i> </a></li>
          <li><a href="#" data-toggle="tooltip" data-placement="top" title="" data-original-title="Linkedin"><i class="fa fa-linkedin" aria-hidden="true"> </i></a></li>
          <li><a href="#" data-toggle="tooltip" data-placement="top" title="" data-original-title="Google-plus"><i class="fa fa-google-plus" aria-hidden="true"></i> </a></li>
        </ul>
      </div>
    </div>
    <div class="copyright">
      <p>© Copyright © 2018. Golden Triangle. All Right Reserved.</p>
    </div>
  </div>
</section>
<section class="back-top">
  <div id="back-top" class="uparrow" style="display: block;"> <a href="#top" title="Go to the top of the page"> <i class="fa fa-angle-up"></i> </a> </div>
</section>
</body>
<script src="js/jquery-1.9.1.min.js"></script>
<!--./testimonial slider starts-->
 
 
<!--./testimonial slider ends-->
<script src="js/fixed-nav.js"></script>
<script src="js/jquery.js"></script>
<script src="js/bootstrap.js"></script>
<script src="js/Push-up.js"></script>
 

<!--..//SAME HEIGHT JQUERY STARTS-->
<script type="text/javascript" src="js/sameheight.js">
</script>


<!--==/lightbox jqery-->
<script src="lightbox/js/lightbox.js"></script>
<!--==/lightbox jqery-->

<!--..//SOCIAL ICON HOVER TOOLTIP STARTS-->
<script>
$(document).ready(function(){
    $('[data-toggle="tooltip"]').tooltip();   
});
</script>
</html>
